┌New profile — name (Enter creates, Tab toggles clone, Esc cancels)────────────┐
│Name: work█                                                                   │
│                                                                              │
│Contents: clone current active rules  (Tab → empty)                           │
│                                                                              │
│                                                                              │
│                                                                              │
│                                                                              │
│                                                                              │
│                                                                              │
│                                                                              │
│                                                                              │
│                                                                              │
│                                                                              │
│                                                                              │
│                                                                              │
│                                                                              │
│                                                                              │
│                                                                              │
│                                                                              │
│                                                                              │
│                                                                              │
│                                                                              │
└──────────────────────────────────────────────────────────────────────────────┘
