┌Profiles──────────────────────┐┌Detail────────────────────────────────────────┐
│● default                     ││Profile: default (config.toml)                │
│                              ││                                              │
│                              ││The default profile is config.toml's rule set │
│                              ││                                              │
│                              ││Press Space to make it active                 │
│                              ││                                              │
│                              ││                                              │
│                              ││                                              │
│                              ││                                              │
│                              ││                                              │
│                              ││                                              │
│                              ││                                              │
│                              ││                                              │
│                              ││                                              │
│                              ││                                              │
│                              ││                                              │
│                              ││                                              │
│                              ││                                              │
│                              ││                                              │
│                              ││                                              │
│                              ││                                              │
│                              ││                                              │
└──────────────────────────────┘└──────────────────────────────────────────────┘
