┌Themes (built-in)─────────────┐┌Detail────────────────────────────────────────┐
│  dark                        ││Theme: dark                                   │
│  light                       ││                                              │
│                              ││Source: built-in                              │
│                              ││                                              │
│                              ││Press Space to set as active                  │
│                              ││Press 'o' to override (copy to ~/.config/tayf/│
│                              ││                                              │
│                              ││                                              │
│                              ││                                              │
│                              ││                                              │
│                              ││                                              │
│                              ││                                              │
│                              ││                                              │
│                              ││                                              │
│                              ││                                              │
│                              ││                                              │
│                              ││                                              │
│                              ││                                              │
│                              ││                                              │
│                              ││                                              │
│                              ││                                              │
│                              ││                                              │
└──────────────────────────────┘└──────────────────────────────────────────────┘
