┌Patterns──────────────────────┐┌Detail────────────────────────────────────────┐
│── Builtin ──                 ││Pattern: permission                           │
│  permission                  ││                                              │
│  timestamp                   ││Source: built-in                              │
│  uuid                        ││Regex: (?:^|\s)(?P<perm_type>[dlcbps-])(?P<per│
│  url                         ││Color:     #83838d                            │
│  email                       ││                                              │
│  ipv4                        ││Press 'o' to override (copy into user-config s│
│  ipv6                        ││Press 'e' to edit the regex source (inline edi│
│  mac                         ││Press 'c' to open the color picker            │
│  log_level                   ││                                              │
│  filename                    ││                                              │
│  fqdn                        ││                                              │
│  duration                    ││                                              │
│  instance_id                 ││                                              │
│  region                      ││                                              │
│  arn                         ││                                              │
│  container_id                ││                                              │
│  image_tag                   ││                                              │
│  pod_name                    ││                                              │
│── User ──                    ││                                              │
│                              ││                                              │
└──────────────────────────────┘└──────────────────────────────────────────────┘
  n:new  e:edit  c:color  o:override  r:reset  d:delete                         
